[2026-08-13 01:16:27] ============================================================
[2026-08-13 01:16:27] 开始自动优化...
[2026-08-13 01:16:27] ============================================================
[2026-08-13 01:16:27] 识别到薄弱领域: ['other', 'xfs', 'ocaml']
[2026-08-13 01:16:27] ✅ 生成文档: /Users/yanping.ma/ryan-personal-knowledge/knowledge/other/auto-generated-topic-deep.md (5KB)
[2026-08-13 01:16:27] ✅ 生成文档: /Users/yanping.ma/ryan-personal-knowledge/knowledge/xfs/auto-generated-topic-deep.md (5KB)
[2026-08-13 01:16:30] ✅ Git提交成功
[2026-08-13 01:16:34] ✅ Git推送成功
[2026-08-13 01:16:34] 
✅ 本次生成 2 篇文档
[2026-08-13 01:16:34] ============================================================
[2026-08-13 01:16:34] 自动优化完成
[2026-08-13 01:16:34] ============================================================
[2026-08-13 01:16:34] ============================================================
[2026-08-13 01:16:34] 开始自动优化...
[2026-08-13 01:16:34] ============================================================
[2026-08-13 01:16:34] 识别到薄弱领域: ['ocaml', 'jwt', 'btrfs']
[2026-08-13 01:16:34] ✅ 生成文档: /Users/yanping.ma/ryan-personal-knowledge/knowledge/ocaml/auto-generated-topic-deep.md (5KB)
[2026-08-13 01:16:34] ✅ 生成文档: /Users/yanping.ma/ryan-personal-knowledge/knowledge/jwt/auto-generated-topic-deep.md (5KB)
[2026-08-13 01:16:37] ✅ Git提交成功
[2026-08-13 01:16:41] ✅ Git推送成功
[2026-08-13 01:16:41] 
✅ 本次生成 2 篇文档
[2026-08-13 01:16:41] ============================================================
[2026-08-13 01:16:41] 自动优化完成
[2026-08-13 01:16:41] ============================================================
[2026-08-13 01:17:01] ============================================================
[2026-08-13 01:17:01] 开始自动优化...
[2026-08-13 01:17:01] ============================================================
[2026-08-13 01:17:01] 识别到薄弱领域: ['btrfs', 'mesh', 'kerberos']
[2026-08-13 01:17:01] ✅ 生成文档: /Users/yanping.ma/ryan-personal-knowledge/knowledge/btrfs/auto-generated-topic-deep.md (5KB)
[2026-08-13 01:17:01] ✅ 生成文档: /Users/yanping.ma/ryan-personal-knowledge/knowledge/mesh/auto-generated-topic-deep.md (5KB)
[2026-08-13 01:17:04] ✅ Git提交成功
[2026-08-13 01:17:08] ✅ Git推送成功
[2026-08-13 01:17:08] 
✅ 本次生成 2 篇文档
[2026-08-13 01:17:08] ============================================================
[2026-08-13 01:17:08] 自动优化完成
[2026-08-13 01:17:08] ============================================================
