[2026-08-13T14:56:24+08:00] ==========================================
[2026-08-13T14:56:24+08:00] 开始知识库全面优化
[2026-08-13T14:56:24+08:00] ==========================================
[2026-08-13T14:56:24+08:00] 
[2026-08-13T14:56:24+08:00] 【第一步：现状分析】
[2026-08-13T14:56:25+08:00]   总文档数: 604
[2026-08-13T14:56:25+08:00]   高质量(>5KB): 529
[2026-08-13T14:56:25+08:00]   低质量(<3KB): 23
[2026-08-13T14:56:25+08:00] 
[2026-08-13T14:56:25+08:00] 【各领域文档数】
[2026-08-13T14:56:25+08:00]   advertising: 150篇
[2026-08-13T14:56:25+08:00]   agent-ai: 67篇
[2026-08-13T14:56:25+08:00]   fullstack: 105篇
[2026-08-13T14:56:25+08:00]   devops: 17篇
[2026-08-13T14:56:25+08:00]   growth-plan: 11篇
[2026-08-13T14:56:25+08:00]   interview: 10篇
[2026-08-13T14:56:25+08:00] 
[2026-08-13T14:56:25+08:00] 【薄弱领域排名】
[2026-08-13T14:56:25+08:00]   ⚠️  : 仅10篇（目标≥50）
[2026-08-13T14:56:25+08:00]   ⚠️  : 仅0篇（目标≥50）
[2026-08-13T14:56:25+08:00] 
[2026-08-13T14:56:25+08:00] 【优化计划】
[2026-08-13T14:56:25+08:00]   优先补充领域: 0
[2026-08-13T14:56:25+08:00] 
[2026-08-13T14:56:25+08:00] 【清理低质量文档】
[2026-08-13T14:56:25+08:00]   已删除23篇低质量文档
[2026-08-13T14:56:25+08:00] 
[2026-08-13T14:56:25+08:00] 【生成新内容】
[2026-08-13T14:56:25+08:00]   优化任务已提交，等待AI执行
[2026-08-13T14:56:25+08:00] 
[2026-08-13T14:56:25+08:00] 【提交变更】
[2026-08-13T14:56:32+08:00]   ✅ 优化完成
[2026-08-13T14:56:32+08:00] 
[2026-08-13T14:56:32+08:00] ==========================================
[2026-08-13T14:56:32+08:00] 优化报告已保存: /Users/yanping.ma/ryan-personal-knowledge/logs/full-optimization-20260813-145624.log
[2026-08-13T14:56:32+08:00] ==========================================
